

================================================================
== Vivado HLS Report for 'max'
================================================================
* Date:           Mon Nov 30 20:00:15 2015

* Version:        2014.1 (build date: Fri Apr 04 13:20:25 PM 2014)
* Project:        CAV_Midterm_PriorityQueue
* Solution:       solution1
* Product family: zynq zynq_fpv6 
* Target device:  xc7z020clg484-1


================================================================
== Performance Estimates
================================================================
+ Timing (ns): 
    * Summary: 
    +---------+-------+----------+------------+
    |  Clock  | Target| Estimated| Uncertainty|
    +---------+-------+----------+------------+
    |default  |  10.00|      8.68|        1.25|
    +---------+-------+----------+------------+

+ Latency (clock cycles): 
    * Summary: 
    +-----+-----+-----+-----+---------+
    |  Latency  |  Interval | Pipeline|
    | min | max | min | max |   Type  |
    +-----+-----+-----+-----+---------+
    |    1|    1|    1|    1|   none  |
    +-----+-----+-----+-----+---------+

    + Detail: 
        * Instance: 
        N/A

        * Loop: 
        N/A



================================================================
== Utilization Estimates
================================================================
* Summary: 
+-----------------+---------+-------+--------+-------+
|       Name      | BRAM_18K| DSP48E|   FF   |  LUT  |
+-----------------+---------+-------+--------+-------+
|Expression       |        -|      -|       0|    104|
|FIFO             |        -|      -|       -|      -|
|Instance         |        -|      -|       -|      -|
|Memory           |        -|      -|       -|      -|
|Multiplexer      |        -|      -|       -|      -|
|Register         |        -|      -|       1|      -|
+-----------------+---------+-------+--------+-------+
|Total            |        0|      0|       1|    104|
+-----------------+---------+-------+--------+-------+
|Available        |      280|    220|  106400|  53200|
+-----------------+---------+-------+--------+-------+
|Utilization (%)  |        0|      0|   ~0   |   ~0  |
+-----------------+---------+-------+--------+-------+

+ Detail: 
    * Instance: 
    N/A

    * Memory: 
    N/A

    * FIFO: 
    N/A

    * Expression: 
    +-------------------------------------------+----------+-------+---+----+------------+------------+
    |               Variable Name               | Operation| DSP48E| FF| LUT| Bitwidth P0| Bitwidth P1|
    +-------------------------------------------+----------+-------+---+----+------------+------------+
    |agg_result_data_write_assign_fu_47_p3      |  Select  |      0|  0|  32|           1|          32|
    |agg_result_priority_write_assign_fu_41_p3  |  Select  |      0|  0|  32|           1|          32|
    |tmp_fu_37_p2                               |   icmp   |      0|  0|  40|          32|          32|
    +-------------------------------------------+----------+-------+---+----+------------+------------+
    |Total                                      |          |      0|  0| 104|          34|          96|
    +-------------------------------------------+----------+-------+---+----+------------+------------+

    * Multiplexer: 
    N/A

    * Register: 
    +-----------+---+----+-----+-----------+
    |    Name   | FF| LUT| Bits| Const Bits|
    +-----------+---+----+-----+-----------+
    |ap_CS_fsm  |  1|   0|    1|          0|
    +-----------+---+----+-----+-----------+
    |Total      |  1|   0|    1|          0|
    +-----------+---+----+-----+-----------+



================================================================
== Interface
================================================================
* Summary: 
+-----------------+-----+-----+------------+-----------------+--------------+
|    RTL Ports    | Dir | Bits|  Protocol  |  Source Object  |    C Type    |
+-----------------+-----+-----+------------+-----------------+--------------+
|ap_clk           |  in |    1| ap_ctrl_hs |       max       | return value |
|ap_rst           |  in |    1| ap_ctrl_hs |       max       | return value |
|ap_start         |  in |    1| ap_ctrl_hs |       max       | return value |
|ap_done          | out |    1| ap_ctrl_hs |       max       | return value |
|ap_idle          | out |    1| ap_ctrl_hs |       max       | return value |
|ap_ready         | out |    1| ap_ctrl_hs |       max       | return value |
|ap_return_0      | out |   32| ap_ctrl_hs |       max       | return value |
|ap_return_1      | out |   32| ap_ctrl_hs |       max       | return value |
|first_priority   |  in |   32|   ap_none  |  first_priority |    scalar    |
|first_data       |  in |   32|   ap_none  |    first_data   |    scalar    |
|second_priority  |  in |   32|   ap_none  | second_priority |    scalar    |
|second_data      |  in |   32|   ap_none  |   second_data   |    scalar    |
+-----------------+-----+-----+------------+-----------------+--------------+

