

================================================================
== Vivado HLS Report for 'runQueue'
================================================================
* Date:           Mon Nov 30 20:00:49 2015

* Version:        2014.1 (build date: Fri Apr 04 13:20:25 PM 2014)
* Project:        CAV_Midterm_PriorityQueue
* Solution:       solution1
* Product family: zynq zynq_fpv6 
* Target device:  xc7z020clg484-1


================================================================
== Performance Estimates
================================================================
+ Timing (ns): 
    * Summary: 
    +---------+-------+----------+------------+
    |  Clock  | Target| Estimated| Uncertainty|
    +---------+-------+----------+------------+
    |default  |  10.00|      8.68|        1.25|
    +---------+-------+----------+------------+

+ Latency (clock cycles): 
    * Summary: 
    +-----+-----+-----+-----+---------+
    |  Latency  |  Interval | Pipeline|
    | min | max | min | max |   Type  |
    +-----+-----+-----+-----+---------+
    |    ?|    ?|    ?|    ?|   none  |
    +-----+-----+-----+-----+---------+

    + Detail: 
        * Instance: 
        +-------------------+---------+-----+-----+-----+-----+---------+
        |                   |         |  Latency  |  Interval | Pipeline|
        |      Instance     |  Module | min | max | min | max |   Type  |
        +-------------------+---------+-----+-----+-----+-----+---------+
        |grp_runTest_fu_70  |runTest  |    ?|    ?|    ?|    ?|   none  |
        +-------------------+---------+-----+-----+-----+-----+---------+

        * Loop: 
        +----------+-----+-----+----------+-----------+-----------+-------+----------+
        |          |  Latency  | Iteration|  Initiation Interval  |  Trip |          |
        | Loop Name| min | max |  Latency |  achieved |   target  | Count | Pipelined|
        +----------+-----+-----+----------+-----------+-----------+-------+----------+
        |- Loop 1  |    ?|    ?|         ?|          -|          -|  10000|    no    |
        +----------+-----+-----+----------+-----------+-----------+-------+----------+



================================================================
== Utilization Estimates
================================================================
* Summary: 
+-----------------+---------+-------+--------+-------+
|       Name      | BRAM_18K| DSP48E|   FF   |  LUT  |
+-----------------+---------+-------+--------+-------+
|Expression       |        -|      -|       0|     32|
|FIFO             |        -|      -|       -|      -|
|Instance         |        6|      -|   27442|  33339|
|Memory           |        -|      -|       -|      -|
|Multiplexer      |        -|      -|       -|     14|
|Register         |        -|      -|      32|      -|
+-----------------+---------+-------+--------+-------+
|Total            |        6|      0|   27474|  33385|
+-----------------+---------+-------+--------+-------+
|Available        |      280|    220|  106400|  53200|
+-----------------+---------+-------+--------+-------+
|Utilization (%)  |        2|      0|      25|     62|
+-----------------+---------+-------+--------+-------+

+ Detail: 
    * Instance: 
    +-------------------+---------+---------+-------+-------+-------+
    |      Instance     |  Module | BRAM_18K| DSP48E|   FF  |  LUT  |
    +-------------------+---------+---------+-------+-------+-------+
    |grp_runTest_fu_70  |runTest  |        6|      0|  27442|  33339|
    +-------------------+---------+---------+-------+-------+-------+
    |Total              |         |        6|      0|  27442|  33339|
    +-------------------+---------+---------+-------+-------+-------+

    * Memory: 
    N/A

    * FIFO: 
    N/A

    * Expression: 
    +-------------------+----------+-------+---+----+------------+------------+
    |   Variable Name   | Operation| DSP48E| FF| LUT| Bitwidth P0| Bitwidth P1|
    +-------------------+----------+-------+---+----+------------+------------+
    |i_1_fu_92_p2       |     +    |      0|  0|  14|          14|           1|
    |result_1_fu_98_p2  |    and   |      0|  0|   1|           1|           1|
    |exitcond_fu_86_p2  |   icmp   |      0|  0|  17|          14|          14|
    +-------------------+----------+-------+---+----+------------+------------+
    |Total              |          |      0|  0|  32|          29|          16|
    +-------------------+----------+-------+---+----+------------+------------+

    * Multiplexer: 
    +----------+----+-----------+-----+-----------+
    |   Name   | LUT| Input Size| Bits| Total Bits|
    +----------+----+-----------+-----+-----------+
    |i_reg_58  |  14|          2|   14|         28|
    +----------+----+-----------+-----+-----------+
    |Total     |  14|          2|   14|         28|
    +----------+----+-----------+-----+-----------+

    * Register: 
    +-----------------------------------------+----+----+-----+-----------+
    |                   Name                  | FF | LUT| Bits| Const Bits|
    +-----------------------------------------+----+----+-----+-----------+
    |ap_CS_fsm                                |   2|   0|    2|          0|
    |grp_runTest_fu_70_ap_start_ap_start_reg  |   1|   0|    1|          0|
    |i_1_reg_107                              |  14|   0|   14|          0|
    |i_reg_58                                 |  14|   0|   14|          0|
    |result_reg_46                            |   1|   0|    1|          0|
    +-----------------------------------------+----+----+-----+-----------+
    |Total                                    |  32|   0|   32|          0|
    +-----------------------------------------+----+----+-----+-----------+



================================================================
== Interface
================================================================
* Summary: 
+-----------+-----+-----+------------+--------------+--------------+
| RTL Ports | Dir | Bits|  Protocol  | Source Object|    C Type    |
+-----------+-----+-----+------------+--------------+--------------+
|ap_clk     |  in |    1| ap_ctrl_hs |   runQueue   | return value |
|ap_rst     |  in |    1| ap_ctrl_hs |   runQueue   | return value |
|ap_start   |  in |    1| ap_ctrl_hs |   runQueue   | return value |
|ap_done    | out |    1| ap_ctrl_hs |   runQueue   | return value |
|ap_idle    | out |    1| ap_ctrl_hs |   runQueue   | return value |
|ap_ready   | out |    1| ap_ctrl_hs |   runQueue   | return value |
|ap_return  | out |    1| ap_ctrl_hs |   runQueue   | return value |
+-----------+-----+-----+------------+--------------+--------------+

