

================================================================
== Vivado HLS Report for 'runTest'
================================================================
* Date:           Mon Nov 30 20:00:48 2015

* Version:        2014.1 (build date: Fri Apr 04 13:20:25 PM 2014)
* Project:        CAV_Midterm_PriorityQueue
* Solution:       solution1
* Product family: zynq zynq_fpv6 
* Target device:  xc7z020clg484-1


================================================================
== Performance Estimates
================================================================
+ Timing (ns): 
    * Summary: 
    +---------+-------+----------+------------+
    |  Clock  | Target| Estimated| Uncertainty|
    +---------+-------+----------+------------+
    |default  |  10.00|      8.68|        1.25|
    +---------+-------+----------+------------+

+ Latency (clock cycles): 
    * Summary: 
    +-----+-----+-----+-----+---------+
    |  Latency  |  Interval | Pipeline|
    | min | max | min | max |   Type  |
    +-----+-----+-----+-----+---------+
    |    ?|    ?|    ?|    ?|   none  |
    +-----+-----+-----+-----+---------+

    + Detail: 
        * Instance: 
        +------------------+-------+-----+-----+-----+-----+---------+
        |                  |       |  Latency  |  Interval | Pipeline|
        |     Instance     | Module| min | max | min | max |   Type  |
        +------------------+-------+-----+-----+-----+-----+---------+
        |grp_queue_fu_174  |queue  |    ?|    ?|    ?|    ?|   none  |
        +------------------+-------+-----+-----+-----+-----+---------+

        * Loop: 
        +----------+-----+-----+----------+-----------+-----------+------+----------+
        |          |  Latency  | Iteration|  Initiation Interval  | Trip |          |
        | Loop Name| min | max |  Latency |  achieved |   target  | Count| Pipelined|
        +----------+-----+-----+----------+-----------+-----------+------+----------+
        |- Loop 1  |    ?|    ?|         ?|          -|          -|   200|    no    |
        |- Loop 2  |    ?|    ?|         ?|          -|          -|   200|    no    |
        |- Loop 3  |    ?|    ?|         ?|          -|          -|   200|    no    |
        |- Loop 4  |  200|  200|         1|          -|          -|   200|    no    |
        |- Loop 5  |    ?|    ?|         ?|          -|          -|   200|    no    |
        +----------+-----+-----+----------+-----------+-----------+------+----------+



================================================================
== Utilization Estimates
================================================================
* Summary: 
+-----------------+---------+-------+--------+-------+
|       Name      | BRAM_18K| DSP48E|   FF   |  LUT  |
+-----------------+---------+-------+--------+-------+
|Expression       |        -|      -|       0|    311|
|FIFO             |        -|      -|       -|      -|
|Instance         |        4|      -|   27214|  32899|
|Memory           |        2|      -|       0|      0|
|Multiplexer      |        -|      -|       -|    129|
|Register         |        -|      -|     228|      -|
+-----------------+---------+-------+--------+-------+
|Total            |        6|      0|   27442|  33339|
+-----------------+---------+-------+--------+-------+
|Available        |      280|    220|  106400|  53200|
+-----------------+---------+-------+--------+-------+
|Utilization (%)  |        2|      0|      25|     62|
+-----------------+---------+-------+--------+-------+

+ Detail: 
    * Instance: 
    +------------------+-------+---------+-------+-------+-------+
    |     Instance     | Module| BRAM_18K| DSP48E|   FF  |  LUT  |
    +------------------+-------+---------+-------+-------+-------+
    |grp_queue_fu_174  |queue  |        4|      0|  27214|  32899|
    +------------------+-------+---------+-------+-------+-------+
    |Total             |       |        4|      0|  27214|  32899|
    +------------------+-------+---------+-------+-------+-------+

    * Memory: 
    +---------------------+---------------------------+---------+------+-----+------+-------------+
    |        Memory       |           Module          | BRAM_18K| Words| Bits| Banks| W*Bits*Banks|
    +---------------------+---------------------------+---------+------+-----+------+-------------+
    |dequeuedItems_U      |runTest_dequeuedItems      |        1|   200|   32|     1|         6400|
    |random_priorities_U  |runTest_random_priorities  |        1|   200|    9|     1|         1800|
    +---------------------+---------------------------+---------+------+-----+------+-------------+
    |Total                |                           |        2|   400|   41|     2|         8200|
    +---------------------+---------------------------+---------+------+-----+------+-------------+

    * FIFO: 
    N/A

    * Expression: 
    +--------------------------+----------+-------+---+----+------------+------------+
    |       Variable Name      | Operation| DSP48E| FF| LUT| Bitwidth P0| Bitwidth P1|
    +--------------------------+----------+-------+---+----+------------+------------+
    |i_5_fu_282_p2             |     +    |      0|  0|   8|           8|           1|
    |i_6_fu_238_p2             |     +    |      0|  0|   8|           8|           1|
    |i_7_fu_306_p2             |     +    |      0|  0|   8|           8|           1|
    |i_8_fu_323_p2             |     +    |      0|  0|   8|           8|           1|
    |i_fu_210_p2               |     +    |      0|  0|   8|           8|           1|
    |current_data_1_fu_293_p2  |     -    |      0|  0|   8|           7|           8|
    |current_data_fu_216_p2    |     -    |      0|  0|   8|           7|           8|
    |tmp_3_fu_249_p2           |     -    |      0|  0|   8|           7|           8|
    |result_4_fu_368_p2        |    and   |      0|  0|   1|           1|           1|
    |result_s_fu_271_p2        |    and   |      0|  0|   1|           1|           1|
    |tmp2_fu_356_p2            |    and   |      0|  0|   1|           1|           1|
    |tmp_2_fu_265_p2           |    and   |      0|  0|   1|           1|           1|
    |tmp_7_fu_362_p2           |    and   |      0|  0|   1|           1|           1|
    |exitcond1_fu_300_p2       |   icmp   |      0|  0|   8|           8|           7|
    |exitcond2_fu_276_p2       |   icmp   |      0|  0|   8|           8|           7|
    |exitcond3_fu_232_p2       |   icmp   |      0|  0|   8|           8|           7|
    |exitcond4_fu_204_p2       |   icmp   |      0|  0|   8|           8|           7|
    |exitcond_fu_317_p2        |   icmp   |      0|  0|   8|           8|           7|
    |notlhs_fu_345_p2          |   icmp   |      0|  0|  40|          32|           8|
    |notrhs_fu_350_p2          |   icmp   |      0|  0|  40|          32|           1|
    |slt_fu_329_p2             |   icmp   |      0|  0|  40|          32|          32|
    |tmp_4_fu_259_p2           |   icmp   |      0|  0|  40|          32|          32|
    |tmp_fu_244_p2             |   icmp   |      0|  0|  40|          32|          32|
    |rev1_fu_340_p2            |    xor   |      0|  0|   2|           1|           2|
    +--------------------------+----------+-------+---+----+------------+------------+
    |Total                     |          |      0|  0| 311|         267|         176|
    +--------------------------+----------+-------+---+----+------------+------------+

    * Multiplexer: 
    +----------------------------------+----+-----------+-----+-----------+
    |               Name               | LUT| Input Size| Bits| Total Bits|
    +----------------------------------+----+-----------+-----+-----------+
    |current_priority_reg_81           |   8|          2|    8|         16|
    |dequeuedItems_address0            |   8|          4|    8|         32|
    |dequeuedItems_d0                  |  32|          3|   32|         96|
    |grp_queue_fu_174_inData_data      |   8|          4|    8|         32|
    |grp_queue_fu_174_inData_priority  |   9|          4|    9|         36|
    |i_1_reg_104                       |   8|          2|    8|         16|
    |i_2_reg_116                       |   8|          2|    8|         16|
    |i_3_reg_128                       |   8|          2|    8|         16|
    |i_4_reg_162                       |   8|          2|    8|         16|
    |last_reg_139                      |  32|          2|   32|         64|
    +----------------------------------+----+-----------+-----+-----------+
    |Total                             | 129|         27|  129|        340|
    +----------------------------------+----+-----------+-----+-----------+

    * Register: 
    +----------------------------------------+----+----+-----+-----------+
    |                  Name                  | FF | LUT| Bits| Const Bits|
    +----------------------------------------+----+----+-----+-----------+
    |ap_CS_fsm                               |   4|   0|    4|          0|
    |ap_return_preg                          |   1|   0|    1|          0|
    |current_data_1_reg_427                  |   8|   0|    8|          0|
    |current_data_reg_381                    |   8|   0|    8|          0|
    |current_priority_1_reg_432              |   9|   0|    9|          0|
    |current_priority_cast6_cast_reg_386     |   8|   0|    9|          1|
    |current_priority_reg_81                 |   8|   0|    8|          0|
    |dequeuedItems_addr_1_reg_469            |   8|   0|    8|          0|
    |grp_queue_fu_174_ap_start_ap_start_reg  |   1|   0|    1|          0|
    |i_1_cast5_reg_391                       |   8|   0|   32|         24|
    |i_1_reg_104                             |   8|   0|    8|          0|
    |i_2_reg_116                             |   8|   0|    8|          0|
    |i_3_reg_128                             |   8|   0|    8|          0|
    |i_4_reg_162                             |   8|   0|    8|          0|
    |i_5_reg_417                             |   8|   0|    8|          0|
    |i_6_reg_399                             |   8|   0|    8|          0|
    |i_8_reg_448                             |   8|   0|    8|          0|
    |i_reg_376                               |   8|   0|    8|          0|
    |last_reg_139                            |  32|   0|   32|          0|
    |out_data_1_reg_458                      |  32|   0|   32|          0|
    |out_priority_2_reg_453                  |  32|   0|   32|          0|
    |result_2_reg_151                        |   1|   0|    1|          0|
    |result_reg_92                           |   1|   0|    1|          0|
    |slt_reg_464                             |   1|   0|    1|          0|
    |tmp_2_reg_404                           |   1|   0|    1|          0|
    |tmp_7_reg_474                           |   1|   0|    1|          0|
    +----------------------------------------+----+----+-----+-----------+
    |Total                                   | 228|   0|  253|         25|
    +----------------------------------------+----+----+-----+-----------+



================================================================
== Interface
================================================================
* Summary: 
+-----------+-----+-----+------------+--------------+--------------+
| RTL Ports | Dir | Bits|  Protocol  | Source Object|    C Type    |
+-----------+-----+-----+------------+--------------+--------------+
|ap_clk     |  in |    1| ap_ctrl_hs |    runTest   | return value |
|ap_rst     |  in |    1| ap_ctrl_hs |    runTest   | return value |
|ap_start   |  in |    1| ap_ctrl_hs |    runTest   | return value |
|ap_done    | out |    1| ap_ctrl_hs |    runTest   | return value |
|ap_idle    | out |    1| ap_ctrl_hs |    runTest   | return value |
|ap_ready   | out |    1| ap_ctrl_hs |    runTest   | return value |
|ap_return  | out |    1| ap_ctrl_hs |    runTest   | return value |
+-----------+-----+-----+------------+--------------+--------------+

