

================================================================
== Vivado HLS Report for 'runQueue'
================================================================
* Date:           Sat Dec  5 16:43:40 2015

* Version:        2014.1 (build date: Fri Apr 04 13:20:25 PM 2014)
* Project:        CAV_MidtermPriorityQueue_Verilog_Runner
* Solution:       solution1
* Product family: zynq zynq_fpv6 
* Target device:  xc7z020clg484-1


================================================================
== Performance Estimates
================================================================
+ Timing (ns): 
    * Summary: 
    +---------+-------+----------+------------+
    |  Clock  | Target| Estimated| Uncertainty|
    +---------+-------+----------+------------+
    |default  |  10.00|      5.26|        1.25|
    +---------+-------+----------+------------+

+ Latency (clock cycles): 
    * Summary: 
    +-----+-----+-----+-----+---------+
    |  Latency  |  Interval | Pipeline|
    | min | max | min | max |   Type  |
    +-----+-----+-----+-----+---------+
    |    ?|    ?|    ?|    ?|   none  |
    +-----+-----+-----+-----+---------+

    + Detail: 
        * Instance: 
        N/A

        * Loop: 
        +-------------+-----+-----+----------+-----------+-----------+------+----------+
        |             |  Latency  | Iteration|  Initiation Interval  | Trip |          |
        |  Loop Name  | min | max |  Latency |  achieved |   target  | Count| Pipelined|
        +-------------+-----+-----+----------+-----------+-----------+------+----------+
        |- Loop 1     |    ?|    ?|         ?|          -|          -|     1|    no    |
        | + Loop 1.1  |    ?|    ?|         1|          -|          -|     ?|    no    |
        | + Loop 1.2  |    ?|    ?|         1|          -|          -|     ?|    no    |
        | + Loop 1.3  |    ?|    ?|         2|          -|          -|     ?|    no    |
        | + Loop 1.4  |    ?|    ?|         1|          -|          -|     ?|    no    |
        +-------------+-----+-----+----------+-----------+-----------+------+----------+



================================================================
== Utilization Estimates
================================================================
* Summary: 
+-----------------+---------+-------+--------+-------+
|       Name      | BRAM_18K| DSP48E|   FF   |  LUT  |
+-----------------+---------+-------+--------+-------+
|Expression       |        -|      -|       0|    180|
|FIFO             |        -|      -|       -|      -|
|Instance         |        -|      -|       -|      -|
|Memory           |        1|      -|       -|      -|
|Multiplexer      |        -|      -|       -|    120|
|Register         |        -|      -|     155|      -|
+-----------------+---------+-------+--------+-------+
|Total            |        1|      0|     155|    300|
+-----------------+---------+-------+--------+-------+
|Available        |      280|    220|  106400|  53200|
+-----------------+---------+-------+--------+-------+
|Utilization (%)  |    ~0   |      0|   ~0   |   ~0  |
+-----------------+---------+-------+--------+-------+

+ Detail: 
    * Instance: 
    N/A

    * Memory: 
    +---------------------+----------------------------+---------+------+-----+------+-------------+
    |        Memory       |           Module           | BRAM_18K| Words| Bits| Banks| W*Bits*Banks|
    +---------------------+----------------------------+---------+------+-----+------+-------------+
    |random_priorities_U  |runQueue_random_priorities  |        1|   200|    9|     1|         1800|
    +---------------------+----------------------------+---------+------+-----+------+-------------+
    |Total                |                            |        1|   200|    9|     1|         1800|
    +---------------------+----------------------------+---------+------+-----+------+-------------+

    * FIFO: 
    N/A

    * Expression: 
    +----------------------+----------+-------+---+----+------------+------------+
    |     Variable Name    | Operation| DSP48E| FF| LUT| Bitwidth P0| Bitwidth P1|
    +----------------------+----------+-------+---+----+------------+------------+
    |i_1_fu_245_p2         |     +    |      0|  0|  32|          32|           1|
    |i_3_fu_262_p2         |     +    |      0|  0|  32|          32|           1|
    |i_fu_233_p2           |     +    |      0|  0|  32|          32|           1|
    |p_result_3_fu_293_p2  |    and   |      0|  0|   1|           1|           1|
    |result_1_s_fu_256_p2  |    and   |      0|  0|   1|           1|           1|
    |tmp_3_fu_251_p2       |   icmp   |      0|  0|  40|          32|          32|
    |ult_fu_282_p2         |   icmp   |      0|  0|  40|          32|          32|
    |rev4_fu_287_p2        |    xor   |      0|  0|   2|           1|           2|
    +----------------------+----------+-------+---+----+------------+------------+
    |Total                 |          |      0|  0| 180|         163|          71|
    +----------------------+----------+-------+---+----+------------+------------+

    * Multiplexer: 
    +------------------------+----+-----------+-----+-----------+
    |          Name          | LUT| Input Size| Bits| Total Bits|
    +------------------------+----+-----------+-----+-----------+
    |cmdOut_V                |   2|          4|    2|          8|
    |cmdOut_V_preg           |   2|          3|    2|          6|
    |currentPriority_V       |   4|          4|    4|         16|
    |currentPriority_V_preg  |   4|          3|    4|         12|
    |i_2_reg_184             |  32|          2|   32|         64|
    |last_fu_60              |   4|          2|    4|          8|
    |op2_assign_reg_162      |  32|          2|   32|         64|
    |priorityOut_V           |   4|          3|    4|         12|
    |priorityOut_V_preg      |   4|          2|    4|          8|
    |val_assign_reg_151      |  32|          2|   32|         64|
    +------------------------+----+-----------+-----+-----------+
    |Total                   | 120|         27|  120|        262|
    +------------------------+----+-----------+-----+-----------+

    * Register: 
    +------------------------+----+----+-----+-----------+
    |          Name          | FF | LUT| Bits| Const Bits|
    +------------------------+----+----+-----+-----------+
    |ap_CS_fsm               |   3|   0|    3|          0|
    |cmdOut_V_preg           |   2|   0|    2|          0|
    |currentPriority_V_preg  |   4|   0|    4|          0|
    |empty_assign_fu_64      |   1|   0|    1|          0|
    |full_assign_fu_68       |   1|   0|    1|          0|
    |i_2_reg_184             |  32|   0|   32|          0|
    |i_3_reg_358             |  32|   0|   32|          0|
    |j_reg_126               |   1|   0|    1|          0|
    |last_1_reg_327          |   4|   0|   32|         28|
    |last_fu_60              |   4|   0|   32|         28|
    |op2_assign_reg_162      |  32|   0|   32|          0|
    |priorityOut_V_preg      |   4|   0|    4|          0|
    |result_1_reg_173        |   1|   0|    1|          0|
    |result_3_reg_195        |   1|   0|    1|          0|
    |result_reg_139          |   1|   0|    1|          0|
    |val_assign_reg_151      |  32|   0|   32|          0|
    +------------------------+----+----+-----+-----------+
    |Total                   | 155|   0|  211|         56|
    +------------------------+----+----+-----+-----------+



================================================================
== Interface
================================================================
* Summary: 
+-------------------+-----+-----+------------+-------------------+--------------+
|     RTL Ports     | Dir | Bits|  Protocol  |   Source Object   |    C Type    |
+-------------------+-----+-----+------------+-------------------+--------------+
|ap_clk             |  in |    1| ap_ctrl_hs |      runQueue     | return value |
|ap_rst             |  in |    1| ap_ctrl_hs |      runQueue     | return value |
|ap_start           |  in |    1| ap_ctrl_hs |      runQueue     | return value |
|ap_done            | out |    1| ap_ctrl_hs |      runQueue     | return value |
|ap_idle            | out |    1| ap_ctrl_hs |      runQueue     | return value |
|ap_ready           | out |    1| ap_ctrl_hs |      runQueue     | return value |
|ap_return          | out |    1| ap_ctrl_hs |      runQueue     | return value |
|priorityOut_V      | out |    4|   ap_none  |   priorityOut_V   |    pointer   |
|priorityIn_V       |  in |    4|   ap_none  |    priorityIn_V   |    scalar    |
|cmdOut_V           | out |    2|   ap_none  |      cmdOut_V     |    pointer   |
|empty              |  in |    1|   ap_none  |       empty       |    scalar    |
|full               |  in |    1|   ap_none  |        full       |    scalar    |
|currentPriority_V  | out |    4|   ap_none  | currentPriority_V |    pointer   |
+-------------------+-----+-----+------------+-------------------+--------------+

