

================================================================
== Vivado HLS Report for 'runQueue'
================================================================
* Date:           Sat Dec  5 18:13:08 2015

* Version:        2014.1 (build date: Fri Apr 04 13:20:25 PM 2014)
* Project:        CAV_MidtermPriorityQueue_Verilog_Runner
* Solution:       solution1
* Product family: zynq zynq_fpv6 
* Target device:  xc7z020clg484-1


================================================================
== Performance Estimates
================================================================
+ Timing (ns): 
    * Summary: 
    +---------+-------+----------+------------+
    |  Clock  | Target| Estimated| Uncertainty|
    +---------+-------+----------+------------+
    |default  |  10.00|      6.78|        1.25|
    +---------+-------+----------+------------+

+ Latency (clock cycles): 
    * Summary: 
    +-----+-----+-----+-----+---------+
    |  Latency  |  Interval | Pipeline|
    | min | max | min | max |   Type  |
    +-----+-----+-----+-----+---------+
    |    ?|    ?|    ?|    ?|   none  |
    +-----+-----+-----+-----+---------+

    + Detail: 
        * Instance: 
        N/A

        * Loop: 
        +----------+-----+-----+----------+-----------+-----------+------+----------+
        |          |  Latency  | Iteration|  Initiation Interval  | Trip |          |
        | Loop Name| min | max |  Latency |  achieved |   target  | Count| Pipelined|
        +----------+-----+-----+----------+-----------+-----------+------+----------+
        |- P1      |    ?|    ?|         ?|          -|          -|     1|    no    |
        | + P1.1   |    ?|    ?|         2|          -|          -|     ?|    no    |
        | + P1.2   |    ?|    ?|         1|          -|          -|     ?|    no    |
        | + P1.3   |    ?|    ?|         2|          -|          -|     ?|    no    |
        | + P1.4   |    ?|    ?|         1|          -|          -|     ?|    no    |
        +----------+-----+-----+----------+-----------+-----------+------+----------+



================================================================
== Utilization Estimates
================================================================
* Summary: 
+-----------------+---------+-------+--------+-------+
|       Name      | BRAM_18K| DSP48E|   FF   |  LUT  |
+-----------------+---------+-------+--------+-------+
|Expression       |        -|      -|       0|    183|
|FIFO             |        -|      -|       -|      -|
|Instance         |        -|      -|       -|      -|
|Memory           |        1|      -|       -|      -|
|Multiplexer      |        -|      -|       -|    160|
|Register         |        -|      -|     211|      -|
+-----------------+---------+-------+--------+-------+
|Total            |        1|      0|     211|    343|
+-----------------+---------+-------+--------+-------+
|Available        |      280|    220|  106400|  53200|
+-----------------+---------+-------+--------+-------+
|Utilization (%)  |    ~0   |      0|   ~0   |   ~0  |
+-----------------+---------+-------+--------+-------+

+ Detail: 
    * Instance: 
    N/A

    * Memory: 
    +---------------------+----------------------------+---------+------+-----+------+-------------+
    |        Memory       |           Module           | BRAM_18K| Words| Bits| Banks| W*Bits*Banks|
    +---------------------+----------------------------+---------+------+-----+------+-------------+
    |random_priorities_U  |runQueue_random_priorities  |        1|   200|    9|     1|         1800|
    +---------------------+----------------------------+---------+------+-----+------+-------------+
    |Total                |                            |        1|   200|    9|     1|         1800|
    +---------------------+----------------------------+---------+------+-----+------+-------------+

    * FIFO: 
    N/A

    * Expression: 
    +----------------------+----------+-------+---+----+------------+------------+
    |     Variable Name    | Operation| DSP48E| FF| LUT| Bitwidth P0| Bitwidth P1|
    +----------------------+----------+-------+---+----+------------+------------+
    |i8_fu_313_p2          |     +    |      0|  0|  32|          32|           1|
    |i_1_fu_347_p2         |     +    |      0|  0|  32|          32|           1|
    |i_s_fu_336_p2         |     +    |      0|  0|  32|          32|           1|
    |ap_sig_bdd_76         |    and   |      0|  0|   1|           1|           1|
    |grp_fu_277_p2         |    and   |      0|  0|   1|           1|           1|
    |p_result_2_fu_342_p2  |    and   |      0|  0|   1|           1|           1|
    |p_result_3_fu_358_p2  |    and   |      0|  0|   1|           1|           1|
    |result_1_s_fu_329_p2  |    and   |      0|  0|   1|           1|           1|
    |grp_fu_267_p2         |   icmp   |      0|  0|  40|          32|          32|
    |tmp_3_fu_324_p2       |   icmp   |      0|  0|  40|          32|          32|
    |grp_fu_271_p2         |    xor   |      0|  0|   2|           1|           2|
    +----------------------+----------+-------+---+----+------------+------------+
    |Total                 |          |      0|  0| 183|         166|          74|
    +----------------------+----------+-------+---+----+------------+------------+

    * Multiplexer: 
    +----------------------------+----+-----------+-----+-----------+
    |            Name            | LUT| Input Size| Bits| Total Bits|
    +----------------------------+----+-----------+-----+-----------+
    |cmdOut_V                    |   2|          4|    2|          8|
    |cmdOut_V_preg               |   2|          3|    2|          6|
    |currentPriority_V           |   4|          4|    4|         16|
    |currentPriority_V_preg      |   4|          3|    4|         12|
    |i_1_reg2mem_reg_206         |  32|          2|   32|         64|
    |i_3_reg2mem_reg_219         |  32|          2|   32|         64|
    |i_reg2mem_reg_172           |  32|          2|   32|         64|
    |last_fu_84                  |   4|          2|    4|          8|
    |op2_assign_reg2mem_reg_195  |  32|          2|   32|         64|
    |priorityOut_V               |   4|          5|    4|         20|
    |priorityOut_V_preg          |   4|          4|    4|         16|
    |tmp_6_reg2mem_reg_230       |   4|          2|    4|          8|
    |tmp_reg2mem_reg_183         |   4|          2|    4|          8|
    +----------------------------+----+-----------+-----+-----------+
    |Total                       | 160|         37|  160|        358|
    +----------------------------+----+-----------+-----+-----------+

    * Register: 
    +---------------------------------+----+----+-----+-----------+
    |               Name              | FF | LUT| Bits| Const Bits|
    +---------------------------------+----+----+-----+-----------+
    |ap_CS_fsm                        |   5|   0|    5|          0|
    |cmdOut_V_preg                    |   2|   0|    2|          0|
    |currentPriority_V_preg           |   4|   0|    4|          0|
    |empty_assign_fu_88               |   1|   0|    1|          0|
    |empty_assign_load_2_reg_447      |   1|   0|    1|          0|
    |empty_assign_load_reg_430        |   1|   0|    1|          0|
    |fullOut_preg                     |   1|   0|    1|          0|
    |full_assign_fu_92                |   1|   0|    1|          0|
    |full_assign_load_2_reg_494       |   1|   0|    1|          0|
    |full_assign_load_4_reg_451       |   1|   0|    1|          0|
    |full_assign_load_5_reg_477       |   1|   0|    1|          0|
    |full_assign_load_reg_426         |   1|   0|    1|          0|
    |i_1_reg2mem_reg_206              |  32|   0|   32|          0|
    |i_1_reg_501                      |  32|   0|   32|          0|
    |i_3_reg2mem_reg_219              |  32|   0|   32|          0|
    |i_reg2mem_reg_172                |  32|   0|   32|          0|
    |j_reg_159                        |   1|   0|    1|          0|
    |last_1_reg_409                   |   4|   0|   32|         28|
    |last_fu_84                       |   4|   0|   32|         28|
    |last_load_reg_421                |   4|   0|   32|         28|
    |op2_assign_reg2mem_reg_195       |  32|   0|   32|          0|
    |p_result_3_reg2mem_0_ph_reg_242  |   1|   0|    1|          0|
    |p_result_3_reg_514               |   1|   0|    1|          0|
    |priorityOut_V_preg               |   4|   0|    4|          0|
    |result_1_s_reg_463               |   1|   0|    1|          0|
    |result_fu_80                     |   1|   0|    1|          0|
    |result_load_2_reg_481            |   1|   0|    1|          0|
    |result_load_reg_416              |   1|   0|    1|          0|
    |tmp_6_reg2mem_reg_230            |   4|   0|    4|          0|
    |tmp_reg2mem_reg_183              |   4|   0|    4|          0|
    +---------------------------------+----+----+-----+-----------+
    |Total                            | 211|   0|  295|         84|
    +---------------------------------+----+----+-----+-----------+



================================================================
== Interface
================================================================
* Summary: 
+-------------------+-----+-----+------------+-------------------+--------------+
|     RTL Ports     | Dir | Bits|  Protocol  |   Source Object   |    C Type    |
+-------------------+-----+-----+------------+-------------------+--------------+
|ap_clk             |  in |    1| ap_ctrl_hs |      runQueue     | return value |
|ap_rst             |  in |    1| ap_ctrl_hs |      runQueue     | return value |
|ap_start           |  in |    1| ap_ctrl_hs |      runQueue     | return value |
|ap_done            | out |    1| ap_ctrl_hs |      runQueue     | return value |
|ap_idle            | out |    1| ap_ctrl_hs |      runQueue     | return value |
|ap_ready           | out |    1| ap_ctrl_hs |      runQueue     | return value |
|ap_return          | out |    1| ap_ctrl_hs |      runQueue     | return value |
|priorityOut_V      | out |    4|   ap_none  |   priorityOut_V   |    pointer   |
|priorityIn_V       |  in |    4|   ap_none  |    priorityIn_V   |    scalar    |
|cmdOut_V           | out |    2|   ap_none  |      cmdOut_V     |    pointer   |
|empty              |  in |    1|   ap_none  |       empty       |    scalar    |
|full               |  in |    1|   ap_none  |        full       |    scalar    |
|currentPriority_V  | out |    4|   ap_none  | currentPriority_V |    pointer   |
|fullOut            | out |    1|   ap_none  |      fullOut      |    pointer   |
+-------------------+-----+-----+------------+-------------------+--------------+

